Archive member included to satisfy reference by file (symbol)

D:/programas standalone/avr-gcc-14.1.0-x64-windows/bin/../lib/gcc/avr/14.1.0/avr5\libgcc.a(_udivmodhi4.o)
                              build/FAT32.o (__udivmodhi4)
D:/programas standalone/avr-gcc-14.1.0-x64-windows/bin/../lib/gcc/avr/14.1.0/avr5\libgcc.a(_udivmodsi4.o)
                              build/FAT32.o (__udivmodsi4)
D:/programas standalone/avr-gcc-14.1.0-x64-windows/bin/../lib/gcc/avr/14.1.0/avr5\libgcc.a(_exit.o)
                              D:/programas standalone/avr-gcc-14.1.0-x64-windows/bin/../lib/gcc/avr/14.1.0/../../../../avr/lib/avr5/crtatmega328p.o (exit)
D:/programas standalone/avr-gcc-14.1.0-x64-windows/bin/../lib/gcc/avr/14.1.0/avr5\libgcc.a(_tablejump2.o)
                              build/main.o (__tablejump2__)
D:/programas standalone/avr-gcc-14.1.0-x64-windows/bin/../lib/gcc/avr/14.1.0/avr5\libgcc.a(_copy_data.o)
                              build/main.o (__do_copy_data)
D:/programas standalone/avr-gcc-14.1.0-x64-windows/bin/../lib/gcc/avr/14.1.0/avr5\libgcc.a(_clear_bss.o)
                              build/main.o (__do_clear_bss)
D:/programas standalone/avr-gcc-14.1.0-x64-windows/bin/../lib/gcc/avr/14.1.0/avr5\libgcc.a(_umulhisi3.o)
                              build/FAT32.o (__umulhisi3)
D:/programas standalone/avr-gcc-14.1.0-x64-windows/bin/../lib/gcc/avr/14.1.0/avr5\libgcc.a(_muluhisi3.o)
                              build/FAT32.o (__muluhisi3)
D:/programas standalone/avr-gcc-14.1.0-x64-windows/bin/../lib/gcc/avr/14.1.0/../../../../avr/lib/avr5\libc.a(strcpy_P.o)
                              build/main.o (strcpy_P)
D:/programas standalone/avr-gcc-14.1.0-x64-windows/bin/../lib/gcc/avr/14.1.0/../../../../avr/lib/avr5\libc.a(strncmp_P.o)
                              build/main.o (strncmp_P)
D:/programas standalone/avr-gcc-14.1.0-x64-windows/bin/../lib/gcc/avr/14.1.0/../../../../avr/lib/avr5\libc.a(memcmp.o)
                              build/main.o (memcmp)
D:/programas standalone/avr-gcc-14.1.0-x64-windows/bin/../lib/gcc/avr/14.1.0/../../../../avr/lib/avr5\libc.a(strlcpy.o)
                              build/main.o (strlcpy)
D:/programas standalone/avr-gcc-14.1.0-x64-windows/bin/../lib/gcc/avr/14.1.0/../../../../avr/lib/avr5\libc.a(itoa_ncheck.o)
                              build/oled.o (__itoa_ncheck)
D:/programas standalone/avr-gcc-14.1.0-x64-windows/bin/../lib/gcc/avr/14.1.0/../../../../avr/lib/avr5\libc.a(ltoa_ncheck.o)
                              build/oled.o (__ltoa_ncheck)
D:/programas standalone/avr-gcc-14.1.0-x64-windows/bin/../lib/gcc/avr/14.1.0/../../../../avr/lib/avr5\libc.a(ultoa_ncheck.o)
                              D:/programas standalone/avr-gcc-14.1.0-x64-windows/bin/../lib/gcc/avr/14.1.0/../../../../avr/lib/avr5\libc.a(ltoa_ncheck.o) (__ultoa_common)
D:/programas standalone/avr-gcc-14.1.0-x64-windows/bin/../lib/gcc/avr/14.1.0/../../../../avr/lib/avr5\libc.a(utoa_ncheck.o)
                              D:/programas standalone/avr-gcc-14.1.0-x64-windows/bin/../lib/gcc/avr/14.1.0/../../../../avr/lib/avr5\libc.a(itoa_ncheck.o) (__utoa_common)
D:/programas standalone/avr-gcc-14.1.0-x64-windows/bin/../lib/gcc/avr/14.1.0/../../../../avr/lib/avr5\libc.a(strrev.o)
                              D:/programas standalone/avr-gcc-14.1.0-x64-windows/bin/../lib/gcc/avr/14.1.0/../../../../avr/lib/avr5\libc.a(ultoa_ncheck.o) (strrev)
D:/programas standalone/avr-gcc-14.1.0-x64-windows/bin/../lib/gcc/avr/14.1.0/../../../../avr/lib/avr5\libatmega328p.a(eerd_byte.o)
                              build/main.o (eeprom_read_byte)
D:/programas standalone/avr-gcc-14.1.0-x64-windows/bin/../lib/gcc/avr/14.1.0/../../../../avr/lib/avr5\libatmega328p.a(eewr_byte.o)
                              build/main.o (eeprom_write_byte)

There are no discarded input sections

Memory Configuration

Name             Origin             Length             Attributes
text             0x00000000         0x00008000         xr
data             0x00800100         0x00000800         rw!x
eeprom           0x00810000         0x00000400         rw!x
fuse             0x00820000         0x00000003         rw!x
lock             0x00830000         0x00000400         rw!x
signature        0x00840000         0x00000400         rw!x
user_signatures  0x00850000         0x00000400         rw!x
*default*        0x00000000         0xffffffff

Linker script and memory map

Address of section .data set to 0x800100
LOAD D:/programas standalone/avr-gcc-14.1.0-x64-windows/bin/../lib/gcc/avr/14.1.0/../../../../avr/lib/avr5/crtatmega328p.o
LOAD build/main.o
LOAD build/SPI_routines.o
LOAD build/SD_routines.o
LOAD build/FAT32.o
LOAD build/sub.o
LOAD build/oled.o
START GROUP
LOAD D:/programas standalone/avr-gcc-14.1.0-x64-windows/bin/../lib/gcc/avr/14.1.0/avr5\libgcc.a
LOAD D:/programas standalone/avr-gcc-14.1.0-x64-windows/bin/../lib/gcc/avr/14.1.0/../../../../avr/lib/avr5\libm.a
LOAD D:/programas standalone/avr-gcc-14.1.0-x64-windows/bin/../lib/gcc/avr/14.1.0/../../../../avr/lib/avr5\libc.a
LOAD D:/programas standalone/avr-gcc-14.1.0-x64-windows/bin/../lib/gcc/avr/14.1.0/../../../../avr/lib/avr5\libatmega328p.a
END GROUP
                [0x00000000]                      __TEXT_REGION_ORIGIN__ = DEFINED (__TEXT_REGION_ORIGIN__)?__TEXT_REGION_ORIGIN__:0x0
                [0x00008000]                      __TEXT_REGION_LENGTH__ = DEFINED (__TEXT_REGION_LENGTH__)?__TEXT_REGION_LENGTH__:0x20000
                [0x00800100]                      __DATA_REGION_ORIGIN__ = DEFINED (__DATA_REGION_ORIGIN__)?__DATA_REGION_ORIGIN__:0x800060
                [0x00000800]                      __DATA_REGION_LENGTH__ = DEFINED (__DATA_REGION_LENGTH__)?__DATA_REGION_LENGTH__:0xffa0
                [0x00000400]                      __EEPROM_REGION_LENGTH__ = DEFINED (__EEPROM_REGION_LENGTH__)?__EEPROM_REGION_LENGTH__:0x10000
                [0x00000003]                      __FUSE_REGION_LENGTH__ = DEFINED (__FUSE_REGION_LENGTH__)?__FUSE_REGION_LENGTH__:0x400
                0x00000400                        __LOCK_REGION_LENGTH__ = DEFINED (__LOCK_REGION_LENGTH__)?__LOCK_REGION_LENGTH__:0x400
                0x00000400                        __SIGNATURE_REGION_LENGTH__ = DEFINED (__SIGNATURE_REGION_LENGTH__)?__SIGNATURE_REGION_LENGTH__:0x400
                0x00000400                        __USER_SIGNATURE_REGION_LENGTH__ = DEFINED (__USER_SIGNATURE_REGION_LENGTH__)?__USER_SIGNATURE_REGION_LENGTH__:0x400

.hash
 *(.hash)

.dynsym
 *(.dynsym)

.dynstr
 *(.dynstr)

.gnu.version
 *(.gnu.version)

.gnu.version_d
 *(.gnu.version_d)

.gnu.version_r
 *(.gnu.version_r)

.rel.init
 *(.rel.init)

.rela.init
 *(.rela.init)

.rel.text
 *(.rel.text)
 *(.rel.text.*)
 *(.rel.gnu.linkonce.t*)

.rela.text
 *(.rela.text)
 *(.rela.text.*)
 *(.rela.gnu.linkonce.t*)

.rel.fini
 *(.rel.fini)

.rela.fini
 *(.rela.fini)

.rel.rodata
 *(.rel.rodata)
 *(.rel.rodata.*)
 *(.rel.gnu.linkonce.r*)

.rela.rodata
 *(.rela.rodata)
 *(.rela.rodata.*)
 *(.rela.gnu.linkonce.r*)

.rel.data
 *(.rel.data)
 *(.rel.data.*)
 *(.rel.gnu.linkonce.d*)

.rela.data
 *(.rela.data)
 *(.rela.data.*)
 *(.rela.gnu.linkonce.d*)

.rel.ctors
 *(.rel.ctors)

.rela.ctors
 *(.rela.ctors)

.rel.dtors
 *(.rel.dtors)

.rela.dtors
 *(.rela.dtors)

.rel.got
 *(.rel.got)

.rela.got
 *(.rela.got)

.rel.bss
 *(.rel.bss)

.rela.bss
 *(.rela.bss)

.rel.plt
 *(.rel.plt)

.rela.plt
 *(.rela.plt)

.text           0x00000000     0x3e12
 *(.vectors)
 .vectors       0x00000000       0x68 D:/programas standalone/avr-gcc-14.1.0-x64-windows/bin/../lib/gcc/avr/14.1.0/../../../../avr/lib/avr5/crtatmega328p.o
                0x00000000                __vector_default
                0x00000000                __vectors
 *(.vectors)
 *(.progmem.gcc*)
                0x00000068                        . = ALIGN (0x2)
                0x00000068                        __trampolines_start = .
 *(.trampolines)
 .trampolines   0x00000068        0x0 linker stubs
 *(.trampolines*)
                0x00000068                        __trampolines_end = .
 *libprintf_flt.a:*(.progmem.data)
 *libc.a:*(.progmem.data)
 *(.progmem.*)
 .progmem.data  0x00000068      0x209 build/main.o
                0x0000006c                stepper_table
                0x00000070                CFG
                0x0000007c                SDOUT
                0x0000008b                FAT1
                0x00000091                FAT3
                0x00000097                PART
                0x0000009e                ERMC
                0x000000a5                ERM7
                0x000000b4                ERM6
                0x000000c3                ERM5
                0x000000d2                ERM4
                0x000000e1                ERM3
                0x000000f0                ERM2
                0x000000ff                ERM1
                0x0000010e                ERR
                0x00000118                MSSD
                0x00000127                MSHC
                0x00000136                MSGD
                0x0000014c                MSG8
                0x00000162                MSGC
                0x00000171                MSG7
                0x00000187                TRAK
                0x0000018f                DLAY
                0x000001a5                CONT
                0x000001bb                VALUE
                0x000001c4                SET3
                0x000001da                SET2
                0x000001f0                SET1
                0x00000206                EMP
                0x0000021c                SETUP
                0x00000232                NIC
                0x00000248                VERSION
                0x0000025d                SPLASH1
 .progmem.data  0x00000271      0x3a6 build/oled.o
                0x00000271                LOGO
                0x000003e3                ICONS
                0x00000437                ASCII
                0x00000618                        . = ALIGN (0x2)
 *fill*         0x00000617        0x1 
 *(.lowtext)
 *(.lowtext*)
                0x00000618                        __ctors_start = .
 *(.ctors)
                0x00000618                        __ctors_end = .
                0x00000618                        __dtors_start = .
 *(.dtors)
                0x00000618                        __dtors_end = .
 SORT_BY_NAME(*)(.ctors)
 SORT_BY_NAME(*)(.dtors)
 *(.init0)
 .init0         0x00000618        0x0 D:/programas standalone/avr-gcc-14.1.0-x64-windows/bin/../lib/gcc/avr/14.1.0/../../../../avr/lib/avr5/crtatmega328p.o
                0x00000618                __init
 *(.init0)
 *(.init1)
 *(.init1)
 *(.init2)
 .init2         0x00000618        0xc D:/programas standalone/avr-gcc-14.1.0-x64-windows/bin/../lib/gcc/avr/14.1.0/../../../../avr/lib/avr5/crtatmega328p.o
 *(.init2)
 *(.init3)
 *(.init3)
 *(.init4)
 .init4         0x00000624       0x16 D:/programas standalone/avr-gcc-14.1.0-x64-windows/bin/../lib/gcc/avr/14.1.0/avr5\libgcc.a(_copy_data.o)
                0x00000624                __do_copy_data
 .init4         0x0000063a       0x10 D:/programas standalone/avr-gcc-14.1.0-x64-windows/bin/../lib/gcc/avr/14.1.0/avr5\libgcc.a(_clear_bss.o)
                0x0000063a                __do_clear_bss
 *(.init4)
 *(.init5)
 *(.init5)
 *(.init6)
 *(.init6)
 *(.init7)
 *(.init7)
 *(.init8)
 *(.init8)
 *(.init9)
 .init9         0x0000064a        0x8 D:/programas standalone/avr-gcc-14.1.0-x64-windows/bin/../lib/gcc/avr/14.1.0/../../../../avr/lib/avr5/crtatmega328p.o
 *(.init9)
 *(.text)
 .text          0x00000652        0x4 D:/programas standalone/avr-gcc-14.1.0-x64-windows/bin/../lib/gcc/avr/14.1.0/../../../../avr/lib/avr5/crtatmega328p.o
                0x00000652                __vector_22
                0x00000652                __vector_24
                0x00000652                __vector_12
                0x00000652                __bad_interrupt
                0x00000652                __vector_6
                0x00000652                __vector_3
                0x00000652                __vector_23
                0x00000652                __vector_25
                0x00000652                __vector_11
                0x00000652                __vector_13
                0x00000652                __vector_17
                0x00000652                __vector_19
                0x00000652                __vector_7
                0x00000652                __vector_5
                0x00000652                __vector_4
                0x00000652                __vector_9
                0x00000652                __vector_2
                0x00000652                __vector_21
                0x00000652                __vector_15
                0x00000652                __vector_8
                0x00000652                __vector_14
                0x00000652                __vector_10
                0x00000652                __vector_18
                0x00000652                __vector_20
 .text          0x00000656     0x2034 build/main.o
                0x00000656                display_sd_ejected
                0x00000680                init
                0x00000760                icons
                0x000007b4                is_a_nic
                0x000007f6                is_a_dir
                0x00000820                create_config_file
                0x000008d2                writeBackSub2
                0x00000ae8                writeBackSub
                0x00000b8a                cancelRead
                0x00000bce                writeBack
                0x00000cc6                buffClear
                0x00000d0c                init_sd
                0x00000f6a                mount_nic_image
                0x0000124c                swap_nic
                0x0000135a                configButtons
                0x00001362                set_contrast
                0x00001662                set_speed
                0x000018cc                setup
                0x00001bac                select_nic
                0x0000206c                find_previous_nic
                0x0000223e                verify_status
                0x00002490                main
 .text          0x0000268a      0x1ca build/SPI_routines.o
                0x0000268a                SPI_init
                0x00002698                SPI_send_byte_fast
                0x000026c8                SPI_read_byte_fast
                0x00002708                SPI_clock_pulse_fast
                0x00002712                SPI_wait5
                0x00002722                SPI_send_byte_slow
                0x00002796                SPI_transmit
                0x000027ac                SPI_read_byte_slow
                0x00002818                SPI_receive
                0x0000282c                SPI_clock_pulse_slow
                0x00002846                SPI_fast
                0x0000284e                SPI_slow
 .text          0x00002854      0x4e0 build/SD_routines.o
                0x00002854                SD_getRespFast
                0x0000285e                SD_cmdFast
                0x000028cc                SD_CMD17Special
                0x00002900                SD_sendCommand
                0x00002a0e                SD_readSingleBlock
                0x00002acc                SD_writeSingleBlock
                0x00002b74                SD_setBlockSize
                0x00002b84                SD_init
                0x00002d1c                SD_led_on
                0x00002d22                SD_led_off
                0x00002d26                SD_wait_finish
 .text          0x00002d34      0x704 build/FAT32.o
                0x00002d34                getNextCluster
                0x00002e12                allocEmptyCluster
                0x00002f3e                anyFile
                0x0000309c                cd
                0x00003178                FAT_init
                0x0000335a                validFile
                0x000033ba                getFile
                0x000033c4                getSector
                0x000033fc                getCluster
 .text          0x00003438      0x17e build/sub.o
                0x0000345c                __vector_16
                0x000034f0                __vector_1
 .text          0x000035b6      0x62c build/oled.o
                0x000035b6                ass_i2c_delay_half
                0x000035c0                ass_i2c_wait_scl_high
                0x000035ca                i2c_init
                0x000035e6                i2c_start
                0x000035f6                i2c_rep_start
                0x00003612                i2c_start_wait
                0x00003630                ass_i2c_stop
                0x00003644                ass_i2c_write
                0x000036a8                i2c_read
                0x00003704                ssd1306_command
                0x00003722                ssd1306_data
                0x00003740                ssd1306_contrast
                0x0000375c                ssd1306_char
                0x00003814                ssd1306_string
                0x00003834                ssd1306_inverse
                0x00003844                ssd1306_underline
                0x00003854                ssd1306_overline
                0x00003864                lcd_gotoxy
                0x000038ba                ssd1306_clear
                0x000038ec                ssd1306_screenUp
                0x00003902                ssd1306_screenDown
                0x00003918                ssd1306_init
                0x00003a20                lcd_init
                0x00003a26                lcd_clear
                0x00003a2c                lcd_put_s
                0x00003a32                lcd_put_i
                0x00003a6c                lcd_put_l
                0x00003aa6                lcd_put_p
                0x00003acc                lcd_icon
                0x00003b8a                lcd_inverse
                0x00003b90                lcd_underline
                0x00003b96                lcd_overline
                0x00003b9c                logo
 .text          0x00003be2        0x0 D:/programas standalone/avr-gcc-14.1.0-x64-windows/bin/../lib/gcc/avr/14.1.0/avr5\libgcc.a(_udivmodhi4.o)
 .text          0x00003be2        0x0 D:/programas standalone/avr-gcc-14.1.0-x64-windows/bin/../lib/gcc/avr/14.1.0/avr5\libgcc.a(_udivmodsi4.o)
 .text          0x00003be2        0x0 D:/programas standalone/avr-gcc-14.1.0-x64-windows/bin/../lib/gcc/avr/14.1.0/avr5\libgcc.a(_exit.o)
 .text          0x00003be2        0x0 D:/programas standalone/avr-gcc-14.1.0-x64-windows/bin/../lib/gcc/avr/14.1.0/avr5\libgcc.a(_tablejump2.o)
 .text          0x00003be2        0x0 D:/programas standalone/avr-gcc-14.1.0-x64-windows/bin/../lib/gcc/avr/14.1.0/avr5\libgcc.a(_copy_data.o)
 .text          0x00003be2        0x0 D:/programas standalone/avr-gcc-14.1.0-x64-windows/bin/../lib/gcc/avr/14.1.0/avr5\libgcc.a(_clear_bss.o)
 .text          0x00003be2        0x0 D:/programas standalone/avr-gcc-14.1.0-x64-windows/bin/../lib/gcc/avr/14.1.0/avr5\libgcc.a(_umulhisi3.o)
 .text          0x00003be2        0x0 D:/programas standalone/avr-gcc-14.1.0-x64-windows/bin/../lib/gcc/avr/14.1.0/avr5\libgcc.a(_muluhisi3.o)
 .text          0x00003be2        0x0 D:/programas standalone/avr-gcc-14.1.0-x64-windows/bin/../lib/gcc/avr/14.1.0/../../../../avr/lib/avr5\libc.a(strcpy_P.o)
 .text          0x00003be2        0x0 D:/programas standalone/avr-gcc-14.1.0-x64-windows/bin/../lib/gcc/avr/14.1.0/../../../../avr/lib/avr5\libc.a(strncmp_P.o)
 .text          0x00003be2        0x0 D:/programas standalone/avr-gcc-14.1.0-x64-windows/bin/../lib/gcc/avr/14.1.0/../../../../avr/lib/avr5\libc.a(memcmp.o)
 .text          0x00003be2        0x0 D:/programas standalone/avr-gcc-14.1.0-x64-windows/bin/../lib/gcc/avr/14.1.0/../../../../avr/lib/avr5\libc.a(strlcpy.o)
 .text          0x00003be2        0x0 D:/programas standalone/avr-gcc-14.1.0-x64-windows/bin/../lib/gcc/avr/14.1.0/../../../../avr/lib/avr5\libc.a(itoa_ncheck.o)
 .text          0x00003be2        0x0 D:/programas standalone/avr-gcc-14.1.0-x64-windows/bin/../lib/gcc/avr/14.1.0/../../../../avr/lib/avr5\libc.a(ltoa_ncheck.o)
 .text          0x00003be2        0x0 D:/programas standalone/avr-gcc-14.1.0-x64-windows/bin/../lib/gcc/avr/14.1.0/../../../../avr/lib/avr5\libc.a(ultoa_ncheck.o)
 .text          0x00003be2        0x0 D:/programas standalone/avr-gcc-14.1.0-x64-windows/bin/../lib/gcc/avr/14.1.0/../../../../avr/lib/avr5\libc.a(utoa_ncheck.o)
 .text          0x00003be2        0x0 D:/programas standalone/avr-gcc-14.1.0-x64-windows/bin/../lib/gcc/avr/14.1.0/../../../../avr/lib/avr5\libc.a(strrev.o)
 .text          0x00003be2        0x0 D:/programas standalone/avr-gcc-14.1.0-x64-windows/bin/../lib/gcc/avr/14.1.0/../../../../avr/lib/avr5\libatmega328p.a(eerd_byte.o)
 .text          0x00003be2        0x0 D:/programas standalone/avr-gcc-14.1.0-x64-windows/bin/../lib/gcc/avr/14.1.0/../../../../avr/lib/avr5\libatmega328p.a(eewr_byte.o)
                0x00003be2                        . = ALIGN (0x2)
 *(.text.*)
 .text.libgcc.mul
                0x00003be2        0x0 D:/programas standalone/avr-gcc-14.1.0-x64-windows/bin/../lib/gcc/avr/14.1.0/avr5\libgcc.a(_udivmodhi4.o)
 .text.libgcc.div
                0x00003be2       0x28 D:/programas standalone/avr-gcc-14.1.0-x64-windows/bin/../lib/gcc/avr/14.1.0/avr5\libgcc.a(_udivmodhi4.o)
                0x00003be2                __udivmodhi4
 .text.libgcc   0x00003c0a        0x0 D:/programas standalone/avr-gcc-14.1.0-x64-windows/bin/../lib/gcc/avr/14.1.0/avr5\libgcc.a(_udivmodhi4.o)
 .text.libgcc.prologue
                0x00003c0a        0x0 D:/programas standalone/avr-gcc-14.1.0-x64-windows/bin/../lib/gcc/avr/14.1.0/avr5\libgcc.a(_udivmodhi4.o)
 .text.libgcc.builtins
                0x00003c0a        0x0 D:/programas standalone/avr-gcc-14.1.0-x64-windows/bin/../lib/gcc/avr/14.1.0/avr5\libgcc.a(_udivmodhi4.o)
 .text.libgcc.fmul
                0x00003c0a        0x0 D:/programas standalone/avr-gcc-14.1.0-x64-windows/bin/../lib/gcc/avr/14.1.0/avr5\libgcc.a(_udivmodhi4.o)
 .text.libgcc.fixed
                0x00003c0a        0x0 D:/programas standalone/avr-gcc-14.1.0-x64-windows/bin/../lib/gcc/avr/14.1.0/avr5\libgcc.a(_udivmodhi4.o)
 .text.libgcc.mul
                0x00003c0a        0x0 D:/programas standalone/avr-gcc-14.1.0-x64-windows/bin/../lib/gcc/avr/14.1.0/avr5\libgcc.a(_udivmodsi4.o)
 .text.libgcc.div
                0x00003c0a       0x44 D:/programas standalone/avr-gcc-14.1.0-x64-windows/bin/../lib/gcc/avr/14.1.0/avr5\libgcc.a(_udivmodsi4.o)
                0x00003c0a                __udivmodsi4
 .text.libgcc   0x00003c4e        0x0 D:/programas standalone/avr-gcc-14.1.0-x64-windows/bin/../lib/gcc/avr/14.1.0/avr5\libgcc.a(_udivmodsi4.o)
 .text.libgcc.prologue
                0x00003c4e        0x0 D:/programas standalone/avr-gcc-14.1.0-x64-windows/bin/../lib/gcc/avr/14.1.0/avr5\libgcc.a(_udivmodsi4.o)
 .text.libgcc.builtins
                0x00003c4e        0x0 D:/programas standalone/avr-gcc-14.1.0-x64-windows/bin/../lib/gcc/avr/14.1.0/avr5\libgcc.a(_udivmodsi4.o)
 .text.libgcc.fmul
                0x00003c4e        0x0 D:/programas standalone/avr-gcc-14.1.0-x64-windows/bin/../lib/gcc/avr/14.1.0/avr5\libgcc.a(_udivmodsi4.o)
 .text.libgcc.fixed
                0x00003c4e        0x0 D:/programas standalone/avr-gcc-14.1.0-x64-windows/bin/../lib/gcc/avr/14.1.0/avr5\libgcc.a(_udivmodsi4.o)
 .text.libgcc.mul
                0x00003c4e        0x0 D:/programas standalone/avr-gcc-14.1.0-x64-windows/bin/../lib/gcc/avr/14.1.0/avr5\libgcc.a(_exit.o)
 .text.libgcc.div
                0x00003c4e        0x0 D:/programas standalone/avr-gcc-14.1.0-x64-windows/bin/../lib/gcc/avr/14.1.0/avr5\libgcc.a(_exit.o)
 .text.libgcc   0x00003c4e        0x0 D:/programas standalone/avr-gcc-14.1.0-x64-windows/bin/../lib/gcc/avr/14.1.0/avr5\libgcc.a(_exit.o)
 .text.libgcc.prologue
                0x00003c4e        0x0 D:/programas standalone/avr-gcc-14.1.0-x64-windows/bin/../lib/gcc/avr/14.1.0/avr5\libgcc.a(_exit.o)
 .text.libgcc.builtins
                0x00003c4e        0x0 D:/programas standalone/avr-gcc-14.1.0-x64-windows/bin/../lib/gcc/avr/14.1.0/avr5\libgcc.a(_exit.o)
 .text.libgcc.fmul
                0x00003c4e        0x0 D:/programas standalone/avr-gcc-14.1.0-x64-windows/bin/../lib/gcc/avr/14.1.0/avr5\libgcc.a(_exit.o)
 .text.libgcc.fixed
                0x00003c4e        0x0 D:/programas standalone/avr-gcc-14.1.0-x64-windows/bin/../lib/gcc/avr/14.1.0/avr5\libgcc.a(_exit.o)
 .text.libgcc.mul
                0x00003c4e        0x0 D:/programas standalone/avr-gcc-14.1.0-x64-windows/bin/../lib/gcc/avr/14.1.0/avr5\libgcc.a(_tablejump2.o)
 .text.libgcc.div
                0x00003c4e        0x0 D:/programas standalone/avr-gcc-14.1.0-x64-windows/bin/../lib/gcc/avr/14.1.0/avr5\libgcc.a(_tablejump2.o)
 .text.libgcc   0x00003c4e        0xc D:/programas standalone/avr-gcc-14.1.0-x64-windows/bin/../lib/gcc/avr/14.1.0/avr5\libgcc.a(_tablejump2.o)
                0x00003c4e                __tablejump2__
 .text.libgcc.prologue
                0x00003c5a        0x0 D:/programas standalone/avr-gcc-14.1.0-x64-windows/bin/../lib/gcc/avr/14.1.0/avr5\libgcc.a(_tablejump2.o)
 .text.libgcc.builtins
                0x00003c5a        0x0 D:/programas standalone/avr-gcc-14.1.0-x64-windows/bin/../lib/gcc/avr/14.1.0/avr5\libgcc.a(_tablejump2.o)
 .text.libgcc.fmul
                0x00003c5a        0x0 D:/programas standalone/avr-gcc-14.1.0-x64-windows/bin/../lib/gcc/avr/14.1.0/avr5\libgcc.a(_tablejump2.o)
 .text.libgcc.fixed
                0x00003c5a        0x0 D:/programas standalone/avr-gcc-14.1.0-x64-windows/bin/../lib/gcc/avr/14.1.0/avr5\libgcc.a(_tablejump2.o)
 .text.libgcc.mul
                0x00003c5a        0x0 D:/programas standalone/avr-gcc-14.1.0-x64-windows/bin/../lib/gcc/avr/14.1.0/avr5\libgcc.a(_copy_data.o)
 .text.libgcc.div
                0x00003c5a        0x0 D:/programas standalone/avr-gcc-14.1.0-x64-windows/bin/../lib/gcc/avr/14.1.0/avr5\libgcc.a(_copy_data.o)
 .text.libgcc   0x00003c5a        0x0 D:/programas standalone/avr-gcc-14.1.0-x64-windows/bin/../lib/gcc/avr/14.1.0/avr5\libgcc.a(_copy_data.o)
 .text.libgcc.prologue
                0x00003c5a        0x0 D:/programas standalone/avr-gcc-14.1.0-x64-windows/bin/../lib/gcc/avr/14.1.0/avr5\libgcc.a(_copy_data.o)
 .text.libgcc.builtins
                0x00003c5a        0x0 D:/programas standalone/avr-gcc-14.1.0-x64-windows/bin/../lib/gcc/avr/14.1.0/avr5\libgcc.a(_copy_data.o)
 .text.libgcc.fmul
                0x00003c5a        0x0 D:/programas standalone/avr-gcc-14.1.0-x64-windows/bin/../lib/gcc/avr/14.1.0/avr5\libgcc.a(_copy_data.o)
 .text.libgcc.fixed
                0x00003c5a        0x0 D:/programas standalone/avr-gcc-14.1.0-x64-windows/bin/../lib/gcc/avr/14.1.0/avr5\libgcc.a(_copy_data.o)
 .text.libgcc.mul
                0x00003c5a        0x0 D:/programas standalone/avr-gcc-14.1.0-x64-windows/bin/../lib/gcc/avr/14.1.0/avr5\libgcc.a(_clear_bss.o)
 .text.libgcc.div
                0x00003c5a        0x0 D:/programas standalone/avr-gcc-14.1.0-x64-windows/bin/../lib/gcc/avr/14.1.0/avr5\libgcc.a(_clear_bss.o)
 .text.libgcc   0x00003c5a        0x0 D:/programas standalone/avr-gcc-14.1.0-x64-windows/bin/../lib/gcc/avr/14.1.0/avr5\libgcc.a(_clear_bss.o)
 .text.libgcc.prologue
                0x00003c5a        0x0 D:/programas standalone/avr-gcc-14.1.0-x64-windows/bin/../lib/gcc/avr/14.1.0/avr5\libgcc.a(_clear_bss.o)
 .text.libgcc.builtins
                0x00003c5a        0x0 D:/programas standalone/avr-gcc-14.1.0-x64-windows/bin/../lib/gcc/avr/14.1.0/avr5\libgcc.a(_clear_bss.o)
 .text.libgcc.fmul
                0x00003c5a        0x0 D:/programas standalone/avr-gcc-14.1.0-x64-windows/bin/../lib/gcc/avr/14.1.0/avr5\libgcc.a(_clear_bss.o)
 .text.libgcc.fixed
                0x00003c5a        0x0 D:/programas standalone/avr-gcc-14.1.0-x64-windows/bin/../lib/gcc/avr/14.1.0/avr5\libgcc.a(_clear_bss.o)
 .text.libgcc.mul
                0x00003c5a       0x1e D:/programas standalone/avr-gcc-14.1.0-x64-windows/bin/../lib/gcc/avr/14.1.0/avr5\libgcc.a(_umulhisi3.o)
                0x00003c5a                __umulhisi3
 .text.libgcc.div
                0x00003c78        0x0 D:/programas standalone/avr-gcc-14.1.0-x64-windows/bin/../lib/gcc/avr/14.1.0/avr5\libgcc.a(_umulhisi3.o)
 .text.libgcc   0x00003c78        0x0 D:/programas standalone/avr-gcc-14.1.0-x64-windows/bin/../lib/gcc/avr/14.1.0/avr5\libgcc.a(_umulhisi3.o)
 .text.libgcc.prologue
                0x00003c78        0x0 D:/programas standalone/avr-gcc-14.1.0-x64-windows/bin/../lib/gcc/avr/14.1.0/avr5\libgcc.a(_umulhisi3.o)
 .text.libgcc.builtins
                0x00003c78        0x0 D:/programas standalone/avr-gcc-14.1.0-x64-windows/bin/../lib/gcc/avr/14.1.0/avr5\libgcc.a(_umulhisi3.o)
 .text.libgcc.fmul
                0x00003c78        0x0 D:/programas standalone/avr-gcc-14.1.0-x64-windows/bin/../lib/gcc/avr/14.1.0/avr5\libgcc.a(_umulhisi3.o)
 .text.libgcc.fixed
                0x00003c78        0x0 D:/programas standalone/avr-gcc-14.1.0-x64-windows/bin/../lib/gcc/avr/14.1.0/avr5\libgcc.a(_umulhisi3.o)
 .text.libgcc.mul
                0x00003c78       0x16 D:/programas standalone/avr-gcc-14.1.0-x64-windows/bin/../lib/gcc/avr/14.1.0/avr5\libgcc.a(_muluhisi3.o)
                0x00003c78                __muluhisi3
 .text.libgcc.div
                0x00003c8e        0x0 D:/programas standalone/avr-gcc-14.1.0-x64-windows/bin/../lib/gcc/avr/14.1.0/avr5\libgcc.a(_muluhisi3.o)
 .text.libgcc   0x00003c8e        0x0 D:/programas standalone/avr-gcc-14.1.0-x64-windows/bin/../lib/gcc/avr/14.1.0/avr5\libgcc.a(_muluhisi3.o)
 .text.libgcc.prologue
                0x00003c8e        0x0 D:/programas standalone/avr-gcc-14.1.0-x64-windows/bin/../lib/gcc/avr/14.1.0/avr5\libgcc.a(_muluhisi3.o)
 .text.libgcc.builtins
                0x00003c8e        0x0 D:/programas standalone/avr-gcc-14.1.0-x64-windows/bin/../lib/gcc/avr/14.1.0/avr5\libgcc.a(_muluhisi3.o)
 .text.libgcc.fmul
                0x00003c8e        0x0 D:/programas standalone/avr-gcc-14.1.0-x64-windows/bin/../lib/gcc/avr/14.1.0/avr5\libgcc.a(_muluhisi3.o)
 .text.libgcc.fixed
                0x00003c8e        0x0 D:/programas standalone/avr-gcc-14.1.0-x64-windows/bin/../lib/gcc/avr/14.1.0/avr5\libgcc.a(_muluhisi3.o)
 .text.avr-libc
                0x00003c8e        0xe D:/programas standalone/avr-gcc-14.1.0-x64-windows/bin/../lib/gcc/avr/14.1.0/../../../../avr/lib/avr5\libc.a(strcpy_P.o)
                0x00003c8e                strcpy_P
 .text.avr-libc
                0x00003c9c       0x1c D:/programas standalone/avr-gcc-14.1.0-x64-windows/bin/../lib/gcc/avr/14.1.0/../../../../avr/lib/avr5\libc.a(strncmp_P.o)
                0x00003c9c                strncmp_P
 .text.avr-libc
                0x00003cb8       0x1a D:/programas standalone/avr-gcc-14.1.0-x64-windows/bin/../lib/gcc/avr/14.1.0/../../../../avr/lib/avr5\libc.a(memcmp.o)
                0x00003cb8                memcmp
 .text.avr-libc
                0x00003cd2       0x28 D:/programas standalone/avr-gcc-14.1.0-x64-windows/bin/../lib/gcc/avr/14.1.0/../../../../avr/lib/avr5\libc.a(strlcpy.o)
                0x00003cd2                strlcpy
 .text.avr-libc
                0x00003cfa       0x16 D:/programas standalone/avr-gcc-14.1.0-x64-windows/bin/../lib/gcc/avr/14.1.0/../../../../avr/lib/avr5\libc.a(itoa_ncheck.o)
                0x00003cfa                __itoa_ncheck
 .text.avr-libc
                0x00003d10       0x1e D:/programas standalone/avr-gcc-14.1.0-x64-windows/bin/../lib/gcc/avr/14.1.0/../../../../avr/lib/avr5\libc.a(ltoa_ncheck.o)
                0x00003d10                __ltoa_ncheck
 .text.avr-libc
                0x00003d2e       0x44 D:/programas standalone/avr-gcc-14.1.0-x64-windows/bin/../lib/gcc/avr/14.1.0/../../../../avr/lib/avr5\libc.a(ultoa_ncheck.o)
                0x00003d2e                __ultoa_ncheck
                0x00003d30                __ultoa_common
 .text.avr-libc
                0x00003d72       0x34 D:/programas standalone/avr-gcc-14.1.0-x64-windows/bin/../lib/gcc/avr/14.1.0/../../../../avr/lib/avr5\libc.a(utoa_ncheck.o)
                0x00003d72                __utoa_ncheck
                0x00003d74                __utoa_common
 .text.avr-libc
                0x00003da6       0x20 D:/programas standalone/avr-gcc-14.1.0-x64-windows/bin/../lib/gcc/avr/14.1.0/../../../../avr/lib/avr5\libc.a(strrev.o)
                0x00003da6                strrev
 .text.avr-libc
                0x00003dc6       0x10 D:/programas standalone/avr-gcc-14.1.0-x64-windows/bin/../lib/gcc/avr/14.1.0/../../../../avr/lib/avr5\libatmega328p.a(eerd_byte.o)
                0x00003dc6                eeprom_read_byte
 .text.avr-libc
                0x00003dd6       0x1c D:/programas standalone/avr-gcc-14.1.0-x64-windows/bin/../lib/gcc/avr/14.1.0/../../../../avr/lib/avr5\libatmega328p.a(eewr_byte.o)
                0x00003dd6                eeprom_write_byte
                0x00003dd8                eeprom_write_r18
                0x00003df2                        . = ALIGN (0x2)
 *(.fini9)
 .fini9         0x00003df2        0x0 D:/programas standalone/avr-gcc-14.1.0-x64-windows/bin/../lib/gcc/avr/14.1.0/avr5\libgcc.a(_exit.o)
                0x00003df2                _exit
                0x00003df2                exit
 *(.fini9)
 *(.fini8)
 *(.fini8)
 *(.fini7)
 *(.fini7)
 *(.fini6)
 *(.fini6)
 *(.fini5)
 *(.fini5)
 *(.fini4)
 *(.fini4)
 *(.fini3)
 *(.fini3)
 *(.fini2)
 *(.fini2)
 *(.fini1)
 *(.fini1)
 *(.fini0)
 .fini0         0x00003df2        0x4 D:/programas standalone/avr-gcc-14.1.0-x64-windows/bin/../lib/gcc/avr/14.1.0/avr5\libgcc.a(_exit.o)
 *(.fini0)
 *(.hightext)
 *(.hightext*)
 *(.progmemx.*)
                0x00003df6                        . = ALIGN (0x2)
 *(.jumptables)
 *(.jumptables*)
 .jumptables.gcc.init_sd
                0x00003df6       0x1c build/main.o
                0x00003e12                        _etext = .

.data           0x00800100        0x6 load address 0x00003e12
                0x00800100                        PROVIDE (__data_start = .)
 *(.data)
 .data          0x00800100        0x0 D:/programas standalone/avr-gcc-14.1.0-x64-windows/bin/../lib/gcc/avr/14.1.0/../../../../avr/lib/avr5/crtatmega328p.o
 .data          0x00800100        0x2 build/main.o
                0x00800100                id_of_config_file
 .data          0x00800102        0x0 build/SPI_routines.o
 .data          0x00800102        0x0 build/SD_routines.o
 .data          0x00800102        0x0 build/FAT32.o
 .data          0x00800102        0x0 build/sub.o
 .data          0x00800102        0x0 build/oled.o
 .data          0x00800102        0x0 D:/programas standalone/avr-gcc-14.1.0-x64-windows/bin/../lib/gcc/avr/14.1.0/avr5\libgcc.a(_udivmodhi4.o)
 .data          0x00800102        0x0 D:/programas standalone/avr-gcc-14.1.0-x64-windows/bin/../lib/gcc/avr/14.1.0/avr5\libgcc.a(_udivmodsi4.o)
 .data          0x00800102        0x0 D:/programas standalone/avr-gcc-14.1.0-x64-windows/bin/../lib/gcc/avr/14.1.0/avr5\libgcc.a(_exit.o)
 .data          0x00800102        0x0 D:/programas standalone/avr-gcc-14.1.0-x64-windows/bin/../lib/gcc/avr/14.1.0/avr5\libgcc.a(_tablejump2.o)
 .data          0x00800102        0x0 D:/programas standalone/avr-gcc-14.1.0-x64-windows/bin/../lib/gcc/avr/14.1.0/avr5\libgcc.a(_copy_data.o)
 .data          0x00800102        0x0 D:/programas standalone/avr-gcc-14.1.0-x64-windows/bin/../lib/gcc/avr/14.1.0/avr5\libgcc.a(_clear_bss.o)
 .data          0x00800102        0x0 D:/programas standalone/avr-gcc-14.1.0-x64-windows/bin/../lib/gcc/avr/14.1.0/avr5\libgcc.a(_umulhisi3.o)
 .data          0x00800102        0x0 D:/programas standalone/avr-gcc-14.1.0-x64-windows/bin/../lib/gcc/avr/14.1.0/avr5\libgcc.a(_muluhisi3.o)
 .data          0x00800102        0x0 D:/programas standalone/avr-gcc-14.1.0-x64-windows/bin/../lib/gcc/avr/14.1.0/../../../../avr/lib/avr5\libc.a(strcpy_P.o)
 .data          0x00800102        0x0 D:/programas standalone/avr-gcc-14.1.0-x64-windows/bin/../lib/gcc/avr/14.1.0/../../../../avr/lib/avr5\libc.a(strncmp_P.o)
 .data          0x00800102        0x0 D:/programas standalone/avr-gcc-14.1.0-x64-windows/bin/../lib/gcc/avr/14.1.0/../../../../avr/lib/avr5\libc.a(memcmp.o)
 .data          0x00800102        0x0 D:/programas standalone/avr-gcc-14.1.0-x64-windows/bin/../lib/gcc/avr/14.1.0/../../../../avr/lib/avr5\libc.a(strlcpy.o)
 .data          0x00800102        0x0 D:/programas standalone/avr-gcc-14.1.0-x64-windows/bin/../lib/gcc/avr/14.1.0/../../../../avr/lib/avr5\libc.a(itoa_ncheck.o)
 .data          0x00800102        0x0 D:/programas standalone/avr-gcc-14.1.0-x64-windows/bin/../lib/gcc/avr/14.1.0/../../../../avr/lib/avr5\libc.a(ltoa_ncheck.o)
 .data          0x00800102        0x0 D:/programas standalone/avr-gcc-14.1.0-x64-windows/bin/../lib/gcc/avr/14.1.0/../../../../avr/lib/avr5\libc.a(ultoa_ncheck.o)
 .data          0x00800102        0x0 D:/programas standalone/avr-gcc-14.1.0-x64-windows/bin/../lib/gcc/avr/14.1.0/../../../../avr/lib/avr5\libc.a(utoa_ncheck.o)
 .data          0x00800102        0x0 D:/programas standalone/avr-gcc-14.1.0-x64-windows/bin/../lib/gcc/avr/14.1.0/../../../../avr/lib/avr5\libc.a(strrev.o)
 .data          0x00800102        0x0 D:/programas standalone/avr-gcc-14.1.0-x64-windows/bin/../lib/gcc/avr/14.1.0/../../../../avr/lib/avr5\libatmega328p.a(eerd_byte.o)
 .data          0x00800102        0x0 D:/programas standalone/avr-gcc-14.1.0-x64-windows/bin/../lib/gcc/avr/14.1.0/../../../../avr/lib/avr5\libatmega328p.a(eewr_byte.o)
 *(.data*)
 *(.gnu.linkonce.d*)
 *(.rodata)
 .rodata        0x00800102        0x1 build/main.o
                0x00800102                volume
 *(.rodata*)
 .rodata.str1.1
                0x00800103        0x2 build/main.o
 *(.gnu.linkonce.r*)
                0x00800106                        . = ALIGN (0x2)
 *fill*         0x00800105        0x1 
                0x00800106                        _edata = .
                0x00800106                        PROVIDE (__data_end = .)

.bss            0x00800106      0x5f2
                0x00800106                        PROVIDE (__bss_start = .)
 *(.bss)
 .bss           0x00800106        0x0 D:/programas standalone/avr-gcc-14.1.0-x64-windows/bin/../lib/gcc/avr/14.1.0/../../../../avr/lib/avr5/crtatmega328p.o
 .bss           0x00800106      0x5ca build/main.o
                0x00800106                lcd_offset
                0x00800107                lcd_contrast
                0x00800108                old_trk
                0x00800109                ft
                0x0080010d                long_cluster
                0x0080010f                long_sector
                0x00800111                trk
                0x00800112                formatting
                0x00800113                protect
                0x00800114                magState
                0x00800115                inited
                0x00800116                readPulse
                0x00800117                prepare
                0x00800118                bitbyte
                0x0080011a                sector
                0x0080011b                ph_track
                0x0080011c                fatNic
                0x00800144                selected_file_id
                0x00800146                nfiles
                0x00800148                files_id
                0x0080014a                flip_buttons
                0x0080014b                writePtr
                0x0080014d                buffNum
                0x0080014e                tracks
                0x00800152                sectors
                0x00800156                writeData
 .bss           0x008006d0        0x2 build/SPI_routines.o
                0x008006d0                errorCode
                0x008006d1                fast
 .bss           0x008006d2        0xd build/SD_routines.o
                0x008006d2                shift
                0x008006d3                count
                0x008006d4                res
                0x008006d5                ch
                0x008006d6                SD_speed
                0x008006d7                buffer
                0x008006d9                SDHC_flag
                0x008006da                SD_version
                0x008006db                lastBlockRead
 .bss           0x008006df       0x15 build/FAT32.o
                0x008006df                FAT_sectorsPerClusterBitShift
                0x008006e0                FAT_sectorOfCurrentDirectory
                0x008006e4                FAT_sectorOfRootDirectory
                0x008006e8                FAT_sectorsPerCluster
                0x008006e9                FAT_bytesPerSector
                0x008006eb                FAT_partitionType
                0x008006ec                FAT_firstDataSector
                0x008006f0                FAT_offset
 .bss           0x008006f4        0x0 build/sub.o
 .bss           0x008006f4        0x4 build/oled.o
                0x008006f4                ssd1306_over
                0x008006f5                ssd1306_under
                0x008006f6                ssd1306_inv
                0x008006f7                ssd1306_contr
 .bss           0x008006f8        0x0 D:/programas standalone/avr-gcc-14.1.0-x64-windows/bin/../lib/gcc/avr/14.1.0/avr5\libgcc.a(_udivmodhi4.o)
 .bss           0x008006f8        0x0 D:/programas standalone/avr-gcc-14.1.0-x64-windows/bin/../lib/gcc/avr/14.1.0/avr5\libgcc.a(_udivmodsi4.o)
 .bss           0x008006f8        0x0 D:/programas standalone/avr-gcc-14.1.0-x64-windows/bin/../lib/gcc/avr/14.1.0/avr5\libgcc.a(_exit.o)
 .bss           0x008006f8        0x0 D:/programas standalone/avr-gcc-14.1.0-x64-windows/bin/../lib/gcc/avr/14.1.0/avr5\libgcc.a(_tablejump2.o)
 .bss           0x008006f8        0x0 D:/programas standalone/avr-gcc-14.1.0-x64-windows/bin/../lib/gcc/avr/14.1.0/avr5\libgcc.a(_copy_data.o)
 .bss           0x008006f8        0x0 D:/programas standalone/avr-gcc-14.1.0-x64-windows/bin/../lib/gcc/avr/14.1.0/avr5\libgcc.a(_clear_bss.o)
 .bss           0x008006f8        0x0 D:/programas standalone/avr-gcc-14.1.0-x64-windows/bin/../lib/gcc/avr/14.1.0/avr5\libgcc.a(_umulhisi3.o)
 .bss           0x008006f8        0x0 D:/programas standalone/avr-gcc-14.1.0-x64-windows/bin/../lib/gcc/avr/14.1.0/avr5\libgcc.a(_muluhisi3.o)
 .bss           0x008006f8        0x0 D:/programas standalone/avr-gcc-14.1.0-x64-windows/bin/../lib/gcc/avr/14.1.0/../../../../avr/lib/avr5\libc.a(strcpy_P.o)
 .bss           0x008006f8        0x0 D:/programas standalone/avr-gcc-14.1.0-x64-windows/bin/../lib/gcc/avr/14.1.0/../../../../avr/lib/avr5\libc.a(strncmp_P.o)
 .bss           0x008006f8        0x0 D:/programas standalone/avr-gcc-14.1.0-x64-windows/bin/../lib/gcc/avr/14.1.0/../../../../avr/lib/avr5\libc.a(memcmp.o)
 .bss           0x008006f8        0x0 D:/programas standalone/avr-gcc-14.1.0-x64-windows/bin/../lib/gcc/avr/14.1.0/../../../../avr/lib/avr5\libc.a(strlcpy.o)
 .bss           0x008006f8        0x0 D:/programas standalone/avr-gcc-14.1.0-x64-windows/bin/../lib/gcc/avr/14.1.0/../../../../avr/lib/avr5\libc.a(itoa_ncheck.o)
 .bss           0x008006f8        0x0 D:/programas standalone/avr-gcc-14.1.0-x64-windows/bin/../lib/gcc/avr/14.1.0/../../../../avr/lib/avr5\libc.a(ltoa_ncheck.o)
 .bss           0x008006f8        0x0 D:/programas standalone/avr-gcc-14.1.0-x64-windows/bin/../lib/gcc/avr/14.1.0/../../../../avr/lib/avr5\libc.a(ultoa_ncheck.o)
 .bss           0x008006f8        0x0 D:/programas standalone/avr-gcc-14.1.0-x64-windows/bin/../lib/gcc/avr/14.1.0/../../../../avr/lib/avr5\libc.a(utoa_ncheck.o)
 .bss           0x008006f8        0x0 D:/programas standalone/avr-gcc-14.1.0-x64-windows/bin/../lib/gcc/avr/14.1.0/../../../../avr/lib/avr5\libc.a(strrev.o)
 .bss           0x008006f8        0x0 D:/programas standalone/avr-gcc-14.1.0-x64-windows/bin/../lib/gcc/avr/14.1.0/../../../../avr/lib/avr5\libatmega328p.a(eerd_byte.o)
 .bss           0x008006f8        0x0 D:/programas standalone/avr-gcc-14.1.0-x64-windows/bin/../lib/gcc/avr/14.1.0/../../../../avr/lib/avr5\libatmega328p.a(eewr_byte.o)
 *(.bss*)
 *(COMMON)
                0x008006f8                        PROVIDE (__bss_end = .)
                0x00003e12                        __data_load_start = LOADADDR (.data)
                0x00003e18                        __data_load_end = (__data_load_start + SIZEOF (.data))

.noinit         0x008006f8        0x0
                [!provide]                        PROVIDE (__noinit_start = .)
 *(.noinit .noinit.* .gnu.linkonce.n.*)
                [!provide]                        PROVIDE (__noinit_end = .)
                0x008006f8                        _end = .
                [!provide]                        PROVIDE (__heap_start = .)
                [!provide]                        PROVIDE (__flmap_init_label = DEFINED (__flmap_noinit_start)?__flmap_noinit_start:0x0)
                [!provide]                        PROVIDE (__flmap = DEFINED (__flmap)?__flmap:0x0)

.eeprom         0x00810000        0x0
 *(.eeprom*)
                0x00810000                        __eeprom_end = .

.fuse
 *(.fuse)
 *(.lfuse)
 *(.hfuse)
 *(.efuse)

.lock
 *(.lock*)

.signature
 *(.signature*)

.stab
 *(.stab)

.stabstr
 *(.stabstr)

.stab.excl
 *(.stab.excl)

.stab.exclstr
 *(.stab.exclstr)

.stab.index
 *(.stab.index)

.stab.indexstr
 *(.stab.indexstr)

.comment        0x00000000       0x12
 *(.comment)
 .comment       0x00000000       0x12 build/main.o
                                 0x13 (size before relaxing)
 .comment       0x00000012       0x13 build/SPI_routines.o
 .comment       0x00000012       0x13 build/SD_routines.o
 .comment       0x00000012       0x13 build/FAT32.o
 .comment       0x00000012       0x13 build/oled.o

.note.gnu.avr.deviceinfo
                0x00000000       0x40
 .note.gnu.avr.deviceinfo
                0x00000000       0x40 D:/programas standalone/avr-gcc-14.1.0-x64-windows/bin/../lib/gcc/avr/14.1.0/../../../../avr/lib/avr5/crtatmega328p.o

.gnu.build.attributes
 *(.gnu.build.attributes .gnu.build.attributes.*)

.note.gnu.build-id
 *(.note.gnu.build-id)

.debug
 *(.debug)

.line
 *(.line)

.debug_srcinfo
 *(.debug_srcinfo)

.debug_sfnames
 *(.debug_sfnames)

.debug_aranges  0x00000000      0x100
 *(.debug_aranges)
 .debug_aranges
                0x00000000       0x20 D:/programas standalone/avr-gcc-14.1.0-x64-windows/bin/../lib/gcc/avr/14.1.0/avr5\libgcc.a(_udivmodhi4.o)
 .debug_aranges
                0x00000020       0x20 D:/programas standalone/avr-gcc-14.1.0-x64-windows/bin/../lib/gcc/avr/14.1.0/avr5\libgcc.a(_udivmodsi4.o)
 .debug_aranges
                0x00000040       0x20 D:/programas standalone/avr-gcc-14.1.0-x64-windows/bin/../lib/gcc/avr/14.1.0/avr5\libgcc.a(_exit.o)
 .debug_aranges
                0x00000060       0x20 D:/programas standalone/avr-gcc-14.1.0-x64-windows/bin/../lib/gcc/avr/14.1.0/avr5\libgcc.a(_tablejump2.o)
 .debug_aranges
                0x00000080       0x20 D:/programas standalone/avr-gcc-14.1.0-x64-windows/bin/../lib/gcc/avr/14.1.0/avr5\libgcc.a(_copy_data.o)
 .debug_aranges
                0x000000a0       0x20 D:/programas standalone/avr-gcc-14.1.0-x64-windows/bin/../lib/gcc/avr/14.1.0/avr5\libgcc.a(_clear_bss.o)
 .debug_aranges
                0x000000c0       0x20 D:/programas standalone/avr-gcc-14.1.0-x64-windows/bin/../lib/gcc/avr/14.1.0/avr5\libgcc.a(_umulhisi3.o)
 .debug_aranges
                0x000000e0       0x20 D:/programas standalone/avr-gcc-14.1.0-x64-windows/bin/../lib/gcc/avr/14.1.0/avr5\libgcc.a(_muluhisi3.o)

.debug_pubnames
 *(.debug_pubnames)

.debug_info     0x00000000      0x714
 *(.debug_info .gnu.linkonce.wi.*)
 .debug_info    0x00000000      0x5f4 D:/programas standalone/avr-gcc-14.1.0-x64-windows/bin/../lib/gcc/avr/14.1.0/../../../../avr/lib/avr5/crtatmega328p.o
 .debug_info    0x000005f4       0x24 D:/programas standalone/avr-gcc-14.1.0-x64-windows/bin/../lib/gcc/avr/14.1.0/avr5\libgcc.a(_udivmodhi4.o)
 .debug_info    0x00000618       0x24 D:/programas standalone/avr-gcc-14.1.0-x64-windows/bin/../lib/gcc/avr/14.1.0/avr5\libgcc.a(_udivmodsi4.o)
 .debug_info    0x0000063c       0x24 D:/programas standalone/avr-gcc-14.1.0-x64-windows/bin/../lib/gcc/avr/14.1.0/avr5\libgcc.a(_exit.o)
 .debug_info    0x00000660       0x24 D:/programas standalone/avr-gcc-14.1.0-x64-windows/bin/../lib/gcc/avr/14.1.0/avr5\libgcc.a(_tablejump2.o)
 .debug_info    0x00000684       0x24 D:/programas standalone/avr-gcc-14.1.0-x64-windows/bin/../lib/gcc/avr/14.1.0/avr5\libgcc.a(_copy_data.o)
 .debug_info    0x000006a8       0x24 D:/programas standalone/avr-gcc-14.1.0-x64-windows/bin/../lib/gcc/avr/14.1.0/avr5\libgcc.a(_clear_bss.o)
 .debug_info    0x000006cc       0x24 D:/programas standalone/avr-gcc-14.1.0-x64-windows/bin/../lib/gcc/avr/14.1.0/avr5\libgcc.a(_umulhisi3.o)
 .debug_info    0x000006f0       0x24 D:/programas standalone/avr-gcc-14.1.0-x64-windows/bin/../lib/gcc/avr/14.1.0/avr5\libgcc.a(_muluhisi3.o)

.debug_abbrev   0x00000000      0x642
 *(.debug_abbrev)
 .debug_abbrev  0x00000000      0x5a2 D:/programas standalone/avr-gcc-14.1.0-x64-windows/bin/../lib/gcc/avr/14.1.0/../../../../avr/lib/avr5/crtatmega328p.o
 .debug_abbrev  0x000005a2       0x14 D:/programas standalone/avr-gcc-14.1.0-x64-windows/bin/../lib/gcc/avr/14.1.0/avr5\libgcc.a(_udivmodhi4.o)
 .debug_abbrev  0x000005b6       0x14 D:/programas standalone/avr-gcc-14.1.0-x64-windows/bin/../lib/gcc/avr/14.1.0/avr5\libgcc.a(_udivmodsi4.o)
 .debug_abbrev  0x000005ca       0x14 D:/programas standalone/avr-gcc-14.1.0-x64-windows/bin/../lib/gcc/avr/14.1.0/avr5\libgcc.a(_exit.o)
 .debug_abbrev  0x000005de       0x14 D:/programas standalone/avr-gcc-14.1.0-x64-windows/bin/../lib/gcc/avr/14.1.0/avr5\libgcc.a(_tablejump2.o)
 .debug_abbrev  0x000005f2       0x14 D:/programas standalone/avr-gcc-14.1.0-x64-windows/bin/../lib/gcc/avr/14.1.0/avr5\libgcc.a(_copy_data.o)
 .debug_abbrev  0x00000606       0x14 D:/programas standalone/avr-gcc-14.1.0-x64-windows/bin/../lib/gcc/avr/14.1.0/avr5\libgcc.a(_clear_bss.o)
 .debug_abbrev  0x0000061a       0x14 D:/programas standalone/avr-gcc-14.1.0-x64-windows/bin/../lib/gcc/avr/14.1.0/avr5\libgcc.a(_umulhisi3.o)
 .debug_abbrev  0x0000062e       0x14 D:/programas standalone/avr-gcc-14.1.0-x64-windows/bin/../lib/gcc/avr/14.1.0/avr5\libgcc.a(_muluhisi3.o)

.debug_line     0x00000000      0x4c1
 *(.debug_line .debug_line.* .debug_line_end)
 .debug_line    0x00000000       0x1d D:/programas standalone/avr-gcc-14.1.0-x64-windows/bin/../lib/gcc/avr/14.1.0/../../../../avr/lib/avr5/crtatmega328p.o
 .debug_line    0x0000001d       0xbd D:/programas standalone/avr-gcc-14.1.0-x64-windows/bin/../lib/gcc/avr/14.1.0/avr5\libgcc.a(_udivmodhi4.o)
 .debug_line    0x000000da      0x111 D:/programas standalone/avr-gcc-14.1.0-x64-windows/bin/../lib/gcc/avr/14.1.0/avr5\libgcc.a(_udivmodsi4.o)
 .debug_line    0x000001eb       0x51 D:/programas standalone/avr-gcc-14.1.0-x64-windows/bin/../lib/gcc/avr/14.1.0/avr5\libgcc.a(_exit.o)
 .debug_line    0x0000023c       0x69 D:/programas standalone/avr-gcc-14.1.0-x64-windows/bin/../lib/gcc/avr/14.1.0/avr5\libgcc.a(_tablejump2.o)
 .debug_line    0x000002a5       0x87 D:/programas standalone/avr-gcc-14.1.0-x64-windows/bin/../lib/gcc/avr/14.1.0/avr5\libgcc.a(_copy_data.o)
 .debug_line    0x0000032c       0x75 D:/programas standalone/avr-gcc-14.1.0-x64-windows/bin/../lib/gcc/avr/14.1.0/avr5\libgcc.a(_clear_bss.o)
 .debug_line    0x000003a1       0x9f D:/programas standalone/avr-gcc-14.1.0-x64-windows/bin/../lib/gcc/avr/14.1.0/avr5\libgcc.a(_umulhisi3.o)
 .debug_line    0x00000440       0x81 D:/programas standalone/avr-gcc-14.1.0-x64-windows/bin/../lib/gcc/avr/14.1.0/avr5\libgcc.a(_muluhisi3.o)

.debug_frame
 *(.debug_frame)

.debug_str      0x00000000      0x270
 *(.debug_str)
 .debug_str     0x00000000      0x208 D:/programas standalone/avr-gcc-14.1.0-x64-windows/bin/../lib/gcc/avr/14.1.0/../../../../avr/lib/avr5/crtatmega328p.o
 .debug_str     0x00000208       0x68 D:/programas standalone/avr-gcc-14.1.0-x64-windows/bin/../lib/gcc/avr/14.1.0/avr5\libgcc.a(_udivmodhi4.o)
 .debug_str     0x00000270       0x68 D:/programas standalone/avr-gcc-14.1.0-x64-windows/bin/../lib/gcc/avr/14.1.0/avr5\libgcc.a(_udivmodsi4.o)
 .debug_str     0x00000270       0x68 D:/programas standalone/avr-gcc-14.1.0-x64-windows/bin/../lib/gcc/avr/14.1.0/avr5\libgcc.a(_exit.o)
 .debug_str     0x00000270       0x68 D:/programas standalone/avr-gcc-14.1.0-x64-windows/bin/../lib/gcc/avr/14.1.0/avr5\libgcc.a(_tablejump2.o)
 .debug_str     0x00000270       0x68 D:/programas standalone/avr-gcc-14.1.0-x64-windows/bin/../lib/gcc/avr/14.1.0/avr5\libgcc.a(_copy_data.o)
 .debug_str     0x00000270       0x68 D:/programas standalone/avr-gcc-14.1.0-x64-windows/bin/../lib/gcc/avr/14.1.0/avr5\libgcc.a(_clear_bss.o)
 .debug_str     0x00000270       0x68 D:/programas standalone/avr-gcc-14.1.0-x64-windows/bin/../lib/gcc/avr/14.1.0/avr5\libgcc.a(_umulhisi3.o)
 .debug_str     0x00000270       0x68 D:/programas standalone/avr-gcc-14.1.0-x64-windows/bin/../lib/gcc/avr/14.1.0/avr5\libgcc.a(_muluhisi3.o)

.debug_loc
 *(.debug_loc)

.debug_macinfo
 *(.debug_macinfo)

.debug_weaknames
 *(.debug_weaknames)

.debug_funcnames
 *(.debug_funcnames)

.debug_typenames
 *(.debug_typenames)

.debug_varnames
 *(.debug_varnames)

.debug_pubtypes
 *(.debug_pubtypes)

.debug_ranges
 *(.debug_ranges)

.debug_addr
 *(.debug_addr)

.debug_line_str
                0x00000000       0x5c
 *(.debug_line_str)
 .debug_line_str
                0x00000000       0x5c D:/programas standalone/avr-gcc-14.1.0-x64-windows/bin/../lib/gcc/avr/14.1.0/avr5\libgcc.a(_udivmodhi4.o)
 .debug_line_str
                0x0000005c       0x5c D:/programas standalone/avr-gcc-14.1.0-x64-windows/bin/../lib/gcc/avr/14.1.0/avr5\libgcc.a(_udivmodsi4.o)
 .debug_line_str
                0x0000005c       0x5c D:/programas standalone/avr-gcc-14.1.0-x64-windows/bin/../lib/gcc/avr/14.1.0/avr5\libgcc.a(_exit.o)
 .debug_line_str
                0x0000005c       0x5c D:/programas standalone/avr-gcc-14.1.0-x64-windows/bin/../lib/gcc/avr/14.1.0/avr5\libgcc.a(_tablejump2.o)
 .debug_line_str
                0x0000005c       0x5c D:/programas standalone/avr-gcc-14.1.0-x64-windows/bin/../lib/gcc/avr/14.1.0/avr5\libgcc.a(_copy_data.o)
 .debug_line_str
                0x0000005c       0x5c D:/programas standalone/avr-gcc-14.1.0-x64-windows/bin/../lib/gcc/avr/14.1.0/avr5\libgcc.a(_clear_bss.o)
 .debug_line_str
                0x0000005c       0x5c D:/programas standalone/avr-gcc-14.1.0-x64-windows/bin/../lib/gcc/avr/14.1.0/avr5\libgcc.a(_umulhisi3.o)
 .debug_line_str
                0x0000005c       0x5c D:/programas standalone/avr-gcc-14.1.0-x64-windows/bin/../lib/gcc/avr/14.1.0/avr5\libgcc.a(_muluhisi3.o)

.debug_loclists
 *(.debug_loclists)

.debug_macro
 *(.debug_macro)

.debug_names
 *(.debug_names)

.debug_rnglists
 *(.debug_rnglists)

.debug_str_offsets
 *(.debug_str_offsets)

.debug_sup
 *(.debug_sup)
OUTPUT(build/elf elf32-avr)
LOAD linker stubs
